[2026-09-30T04:11:52Z] canonical profile verified; processing 100 enabled repositories
[2026-09-30T04:11:52Z] [1/100] macrozheng/mall: already exported
[2026-09-30T04:11:52Z] [2/100] spring-projects/spring-boot: connecting
[2026-09-30T04:11:56Z] [2/100] spring-projects/spring-boot: FAILED: POST /api/projects returned HTTP 409: {"detail":"That repository is already connected to this workspace.","code":"ALREADY_CONNECTED"}
[2026-09-30T04:12:01Z] [3/100] NationalSecurityAgency/ghidra: connecting
[2026-09-30T04:12:04Z] [3/100] NationalSecurityAgency/ghidra: FAILED: POST /api/projects returned HTTP 409: {"detail":"That repository is already connected to this workspace.","code":"ALREADY_CONNECTED"}
[2026-09-30T04:12:09Z] [4/100] termux/termux-app: already exported
[2026-09-30T04:12:09Z] [5/100] spring-projects/spring-framework: connecting
[2026-09-30T04:12:12Z] [5/100] spring-projects/spring-framework: FAILED: POST /api/projects returned HTTP 409: {"detail":"That repository is already connected to this workspace.","code":"ALREADY_CONNECTED"}
[2026-09-30T04:12:17Z] [6/100] jeecgboot/JeecgBoot: already exported
[2026-09-30T04:12:17Z] [7/100] lysine-dev/retrofit: already exported
[2026-09-30T04:12:17Z] [8/100] apache/dubbo: already exported
[2026-09-30T04:12:17Z] [9/100] halo-dev/halo: already exported
[2026-09-30T04:12:17Z] [10/100] TeamNewPipe/NewPipe: already exported
[2026-09-30T04:12:17Z] [11/100] YunaiV/ruoyi-vue-pro: connecting
[2026-09-30T04:12:20Z] [11/100] YunaiV/ruoyi-vue-pro: FAILED: POST /api/projects returned HTTP 409: {"detail":"That repository is already connected to this workspace.","code":"ALREADY_CONNECTED"}
[2026-09-30T04:12:25Z] [12/100] alibaba/arthas: already exported
[2026-09-30T04:12:25Z] [13/100] airbnb/lottie-android: already exported
[2026-09-30T04:12:25Z] [14/100] SeleniumHQ/selenium: connecting
[2026-09-30T04:12:29Z] [14/100] SeleniumHQ/selenium: FAILED: POST /api/projects returned HTTP 400: {"detail":"This repository is larger than 500 MB, the most CodeSage can analyse today.","code":"REPOSITORY_TOO_LARGE"}
[2026-09-30T04:12:34Z] [15/100] zxing/zxing: already exported
[2026-09-30T04:12:34Z] [16/100] alibaba/nacos: connecting
[2026-09-30T04:12:36Z] [16/100] alibaba/nacos: FAILED: POST /api/projects returned HTTP 409: {"detail":"That repository is already connected to this workspace.","code":"ALREADY_CONNECTED"}
[2026-09-30T04:12:41Z] [17/100] binarywang/WxJava: already exported
[2026-09-30T04:12:41Z] [18/100] conductor-oss/conductor: connecting
[2026-09-30T04:12:45Z] [18/100] conductor-oss/conductor: FAILED: POST /api/projects returned HTTP 409: {"detail":"That repository is already connected to this workspace.","code":"ALREADY_CONNECTED"}
[2026-09-30T04:12:50Z] [19/100] xuxueli/xxl-job: connecting
[2026-09-30T04:12:54Z] [19/100] xuxueli/xxl-job: scanning master@e74c784f68f8
[2026-09-30T04:12:55Z] xuxueli/xxl-job: scan phase=queued (worker active)
[2026-09-30T04:13:27Z] xuxueli/xxl-job: scan phase=running (cloning)
[2026-09-30T04:13:58Z] xuxueli/xxl-job: scan phase=running (cloning)
[2026-09-30T04:14:29Z] xuxueli/xxl-job: scan phase=running (reading_code)
[2026-09-30T04:15:00Z] xuxueli/xxl-job: scan phase=running (reading_code)
[2026-09-30T04:15:31Z] xuxueli/xxl-job: scan phase=running (reading_code)
[2026-09-30T04:16:02Z] xuxueli/xxl-job: scan phase=running (scoring)
[2026-09-30T04:16:21Z] [19/100] xuxueli/xxl-job: exported (12 successful)
[2026-09-30T04:16:26Z] [20/100] chinabugotech/hutool: connecting
[2026-09-30T04:16:30Z] [20/100] chinabugotech/hutool: scanning v5-master@8870454b2a0c
[2026-09-30T04:16:35Z] chinabugotech/hutool: scan phase=queued (worker active)
[2026-09-30T04:17:07Z] chinabugotech/hutool: scan phase=running (cloning)
[2026-09-30T04:17:38Z] chinabugotech/hutool: scan phase=running (reading_code)
[2026-09-30T04:18:10Z] chinabugotech/hutool: scan phase=running (reading_code)
[2026-09-30T04:18:41Z] chinabugotech/hutool: scan phase=running (reading_code)
[2026-09-30T04:19:13Z] chinabugotech/hutool: scan phase=running (reading_code)
[2026-09-30T04:19:44Z] chinabugotech/hutool: scan phase=running (reading_code)
[2026-09-30T04:20:15Z] chinabugotech/hutool: scan phase=running (finding_debt)
[2026-09-30T04:20:46Z] chinabugotech/hutool: scan phase=running (scoring)
[2026-09-30T04:21:17Z] chinabugotech/hutool: scan phase=running (scoring)
[2026-09-30T04:21:48Z] chinabugotech/hutool: scan phase=running (scoring)
[2026-09-30T04:22:19Z] chinabugotech/hutool: scan phase=running (scoring)
[2026-09-30T04:22:58Z] [20/100] chinabugotech/hutool: exported (13 successful)
[2026-09-30T04:23:03Z] [21/100] opendataloader-project/opendataloader-pdf: connecting
[2026-09-30T04:23:08Z] [21/100] opendataloader-project/opendataloader-pdf: scanning main@c61eecbe6c33
[2026-09-30T04:23:09Z] opendataloader-project/opendataloader-pdf: scan phase=queued (worker active)
[2026-09-30T04:23:40Z] opendataloader-project/opendataloader-pdf: scan phase=running (cloning)
[2026-09-30T04:24:11Z] opendataloader-project/opendataloader-pdf: scan phase=running (cloning)
[2026-09-30T04:24:42Z] opendataloader-project/opendataloader-pdf: scan phase=running (cloning)
[2026-09-30T04:25:13Z] opendataloader-project/opendataloader-pdf: scan phase=running (cloning)
[2026-09-30T04:25:45Z] opendataloader-project/opendataloader-pdf: scan phase=running (cloning)
[2026-09-30T04:26:16Z] opendataloader-project/opendataloader-pdf: scan phase=running (cloning)
[2026-09-30T04:26:47Z] opendataloader-project/opendataloader-pdf: scan phase=running (reading_code)
[2026-09-30T04:27:18Z] opendataloader-project/opendataloader-pdf: scan phase=running (reading_code)
[2026-09-30T04:27:49Z] opendataloader-project/opendataloader-pdf: scan phase=running (reading_code)
[2026-09-30T04:28:20Z] opendataloader-project/opendataloader-pdf: scan phase=running (reading_code)
[2026-09-30T04:28:52Z] opendataloader-project/opendataloader-pdf: scan phase=running (scoring)
[2026-09-30T04:29:05Z] [21/100] opendataloader-project/opendataloader-pdf: exported (14 successful)
[2026-09-30T04:29:10Z] [22/100] alibaba/spring-cloud-alibaba: connecting
[2026-09-30T04:29:15Z] [22/100] alibaba/spring-cloud-alibaba: scanning 2025.1.x@858aa8d58d2e
[2026-09-30T04:29:17Z] alibaba/spring-cloud-alibaba: scan phase=queued (worker active)
[2026-09-30T04:29:49Z] alibaba/spring-cloud-alibaba: scan phase=running (cloning)
[2026-09-30T04:30:20Z] alibaba/spring-cloud-alibaba: scan phase=running (cloning)
[2026-09-30T04:30:51Z] alibaba/spring-cloud-alibaba: scan phase=running (cloning)
[2026-09-30T04:31:22Z] alibaba/spring-cloud-alibaba: scan phase=running (reading_code)
[2026-09-30T04:31:54Z] alibaba/spring-cloud-alibaba: scan phase=running (reading_code)
[2026-09-30T04:32:25Z] alibaba/spring-cloud-alibaba: scan phase=running (reading_code)
[2026-09-30T04:32:56Z] alibaba/spring-cloud-alibaba: scan phase=running (reading_code)
[2026-09-30T04:33:27Z] alibaba/spring-cloud-alibaba: scan phase=running (reading_code)
[2026-09-30T04:33:58Z] alibaba/spring-cloud-alibaba: scan phase=running (finding_debt)
[2026-09-30T04:34:30Z] [22/100] alibaba/spring-cloud-alibaba: exported (15 successful)
[2026-09-30T04:34:35Z] [23/100] kestra-io/kestra: connecting
[2026-09-30T04:34:40Z] [23/100] kestra-io/kestra: scanning develop@a3cf0f305fa3
[2026-09-30T04:34:41Z] kestra-io/kestra: scan phase=queued (worker active)
[2026-09-30T04:35:12Z] kestra-io/kestra: scan phase=running (cloning)
[2026-09-30T04:35:43Z] kestra-io/kestra: scan phase=running (cloning)
[2026-09-30T04:36:15Z] kestra-io/kestra: scan phase=running (reading_code)
[2026-09-30T04:36:46Z] kestra-io/kestra: scan phase=running (reading_code)
[2026-09-30T04:37:17Z] kestra-io/kestra: scan phase=running (reading_code)
[2026-09-30T04:37:48Z] kestra-io/kestra: scan phase=running (reading_code)
[2026-09-30T04:38:19Z] kestra-io/kestra: scan phase=running (reading_code)
[2026-09-30T04:38:50Z] kestra-io/kestra: scan phase=running (reading_code)
[2026-09-30T04:39:21Z] kestra-io/kestra: scan phase=running (reading_code)
[2026-09-30T04:39:52Z] kestra-io/kestra: scan phase=running (reading_code)
[2026-09-30T04:40:24Z] kestra-io/kestra: scan phase=running (reading_code)
[2026-09-30T04:40:55Z] kestra-io/kestra: scan phase=running (reading_code)
[2026-09-30T04:41:26Z] kestra-io/kestra: scan phase=running (reading_code)
[2026-09-30T04:41:57Z] kestra-io/kestra: scan phase=running (reading_code)
[2026-09-30T04:42:29Z] kestra-io/kestra: scan phase=running (reading_code)
[2026-09-30T04:43:00Z] kestra-io/kestra: scan phase=running (reading_code)
[2026-09-30T04:43:31Z] kestra-io/kestra: scan phase=running (finding_debt)
[2026-09-30T04:44:03Z] kestra-io/kestra: scan phase=running (predicting_risk)
[2026-09-30T04:44:34Z] kestra-io/kestra: scan phase=running (scoring)
[2026-09-30T04:45:05Z] kestra-io/kestra: scan phase=running (scoring)
[2026-09-30T04:45:36Z] kestra-io/kestra: scan phase=running (scoring)
[2026-09-30T04:46:07Z] kestra-io/kestra: scan phase=running (scoring)
[2026-09-30T04:46:39Z] [23/100] kestra-io/kestra: exported (16 successful)
[2026-09-30T04:46:44Z] [24/100] lenve/vhr: already exported
[2026-09-30T04:46:44Z] [25/100] floci-io/floci: connecting
[2026-09-30T04:46:48Z] [25/100] floci-io/floci: scanning main@e6ee346761cf
[2026-09-30T04:46:49Z] floci-io/floci: scan phase=queued (worker active)
[2026-09-30T04:47:20Z] floci-io/floci: scan phase=running (cloning)
[2026-09-30T04:47:51Z] floci-io/floci: scan phase=running (cloning)
[2026-09-30T04:48:23Z] floci-io/floci: scan phase=running (cloning)
[2026-09-30T04:48:54Z] floci-io/floci: scan phase=running (cloning)
[2026-09-30T04:49:25Z] floci-io/floci: scan phase=running (cloning)
[2026-09-30T04:49:56Z] floci-io/floci: scan phase=running (cloning)
[2026-09-30T04:50:28Z] floci-io/floci: scan phase=running (cloning)
[2026-09-30T04:50:59Z] floci-io/floci: scan phase=running (reading_code)
[2026-09-30T04:51:31Z] floci-io/floci: scan phase=running (reading_code)
[2026-09-30T04:52:02Z] floci-io/floci: scan phase=running (reading_code)
[2026-09-30T04:52:33Z] floci-io/floci: scan phase=running (reading_code)
[2026-09-30T04:53:05Z] floci-io/floci: scan phase=running (reading_code)
[2026-09-30T04:53:36Z] floci-io/floci: scan phase=running (reading_code)
[2026-09-30T04:54:07Z] floci-io/floci: scan phase=running (reading_code)
[2026-09-30T04:54:39Z] floci-io/floci: scan phase=running (reading_code)
[2026-09-30T04:55:10Z] floci-io/floci: scan phase=running (reading_code)
[2026-09-30T04:55:42Z] floci-io/floci: scan phase=running (reading_code)
[2026-09-30T04:56:12Z] floci-io/floci: scan phase=running (reading_code)
[2026-09-30T04:56:44Z] floci-io/floci: scan phase=running (finding_debt)
[2026-09-30T04:57:15Z] floci-io/floci: scan phase=running (finding_debt)
[2026-09-30T04:57:46Z] floci-io/floci: scan phase=running (finding_debt)
[2026-09-30T04:58:18Z] floci-io/floci: scan phase=running (finding_debt)
[2026-09-30T04:58:49Z] floci-io/floci: scan phase=running (finding_debt)
[2026-09-30T04:59:21Z] floci-io/floci: scan phase=running (scoring)
[2026-09-30T04:59:52Z] floci-io/floci: scan phase=running (scoring)
[2026-09-30T05:00:22Z] floci-io/floci: scan phase=running (scoring)
[2026-09-30T05:00:50Z] [25/100] floci-io/floci: FAILED: scan ended as error: The repository could not be analysed.
[2026-09-30T05:00:56Z] [26/100] apache/incubator-seata: connecting
[2026-09-30T05:01:01Z] [26/100] apache/incubator-seata: scanning 2.x@e8f5a2e16d26
[2026-09-30T05:01:03Z] apache/incubator-seata: scan phase=queued (worker active)
[2026-09-30T05:01:34Z] apache/incubator-seata: scan phase=running (cloning)
[2026-09-30T05:02:06Z] apache/incubator-seata: scan phase=running (cloning)
[2026-09-30T05:02:37Z] apache/incubator-seata: scan phase=running (cloning)
[2026-09-30T05:03:08Z] apache/incubator-seata: scan phase=running (cloning)
[2026-09-30T05:03:39Z] apache/incubator-seata: scan phase=running (cloning)
[2026-09-30T05:04:10Z] apache/incubator-seata: scan phase=running (cloning)
[2026-09-30T05:04:41Z] apache/incubator-seata: scan phase=running (cloning)
[2026-09-30T05:05:13Z] apache/incubator-seata: scan phase=running (cloning)
[2026-09-30T05:05:44Z] apache/incubator-seata: scan phase=running (cloning)
[2026-09-30T05:06:06Z] [26/100] apache/incubator-seata: FAILED: scan ended as error: Downloading the repository took longer than 5 minutes and was stopped.
[2026-09-30T05:06:11Z] [27/100] iBotPeaches/Apktool: connecting
[2026-09-30T05:06:16Z] [27/100] iBotPeaches/Apktool: scanning main@52d1cbd62ba4
[2026-09-30T05:06:17Z] iBotPeaches/Apktool: scan phase=queued (worker active)
[2026-09-30T05:06:49Z] iBotPeaches/Apktool: scan phase=running (cloning)
[2026-09-30T05:07:20Z] iBotPeaches/Apktool: scan phase=running (cloning)
[2026-09-30T05:07:51Z] iBotPeaches/Apktool: scan phase=running (cloning)
[2026-09-30T05:08:23Z] iBotPeaches/Apktool: scan phase=running (cloning)
[2026-09-30T05:08:54Z] iBotPeaches/Apktool: scan phase=running (cloning)
[2026-09-30T05:09:25Z] iBotPeaches/Apktool: scan phase=running (cloning)
[2026-09-30T05:09:56Z] iBotPeaches/Apktool: scan phase=running (cloning)
[2026-09-30T05:10:28Z] iBotPeaches/Apktool: scan phase=running (cloning)
[2026-09-30T05:10:59Z] iBotPeaches/Apktool: scan phase=running (cloning)
[2026-09-30T05:11:30Z] iBotPeaches/Apktool: scan phase=running (cloning)
[2026-09-30T05:12:01Z] iBotPeaches/Apktool: scan phase=running (cloning)
[2026-09-30T05:12:33Z] iBotPeaches/Apktool: scan phase=running (cloning)
[2026-09-30T05:12:58Z] [27/100] iBotPeaches/Apktool: FAILED: scan ended as error: Downloading the repository took longer than 5 minutes and was stopped.
[2026-09-30T05:13:03Z] [28/100] libgdx/libgdx: connecting
[2026-09-30T05:13:10Z] [28/100] libgdx/libgdx: FAILED: POST /api/projects returned HTTP 400: {"detail":"This repository is larger than 500 MB, the most CodeSage can analyse today.","code":"REPOSITORY_TOO_LARGE"}
[2026-09-30T05:13:15Z] [29/100] JakeWharton/butterknife: connecting
[2026-09-30T05:13:21Z] [29/100] JakeWharton/butterknife: scanning master@fcdebedf3276
[2026-09-30T05:13:23Z] JakeWharton/butterknife: scan phase=queued (worker active)
[2026-09-30T05:13:54Z] JakeWharton/butterknife: scan phase=running (cloning)
[2026-09-30T05:14:25Z] JakeWharton/butterknife: scan phase=running (cloning)
[2026-09-30T05:14:56Z] JakeWharton/butterknife: scan phase=running (reading_code)
[2026-09-30T05:15:27Z] JakeWharton/butterknife: scan phase=running (scoring)
[2026-09-30T05:15:43Z] [29/100] JakeWharton/butterknife: exported (18 successful)
[2026-09-30T05:15:48Z] [30/100] hollischuang/toBeTopJavaer: connecting
[2026-09-30T05:15:53Z] [30/100] hollischuang/toBeTopJavaer: scanning master@4173f8a806c1
[2026-09-30T05:15:54Z] hollischuang/toBeTopJavaer: scan phase=queued (worker active)
[2026-09-30T05:16:26Z] hollischuang/toBeTopJavaer: scan phase=running (cloning)
[2026-09-30T05:16:57Z] hollischuang/toBeTopJavaer: scan phase=running (cloning)
